// Vitest Snapshot v1, https://vitest.dev/guide/snapshot.html

exports[`read simple #fn import 1`] = `
{
  "exports": [],
  "fns": [
    {
      "children": [
        {
          "call": "foo",
          "end": 38,
          "kind": "call",
          "start": 34,
        },
      ],
      "end": 43,
      "kind": "fn",
      "name": "bar",
      "start": 20,
    },
  ],
  "imports": [
    {
      "end": 20,
      "kind": "import",
      "name": "foo",
      "start": 7,
    },
  ],
  "name": "my.module",
  "src": "
    // #import foo
    fn bar() { foo(); }
  ",
}
`;

exports[`read simple fn export 1`] = `
{
  "exports": [
    {
      "args": [],
      "exp": {
        "end": 16,
        "kind": "export",
        "start": 7,
      },
      "importing": [],
      "name": "one",
      "ref": {
        "children": [],
        "end": 59,
        "kind": "fn",
        "name": "one",
        "start": 16,
      },
    },
  ],
  "fns": [
    {
      "children": [],
      "end": 59,
      "kind": "fn",
      "name": "one",
      "start": 16,
    },
  ],
  "imports": [],
  "name": "my.module",
  "src": "
    // #export
    fn one() -> i32 {
      return 1;
    }
  ",
}
`;
