// Vitest Snapshot v1, https://vitest.dev/guide/snapshot.html

exports[`simple fn export 1`] = `
{
  "exports": [
    {
      "end": 16,
      "kind": "export",
      "ref": {
        "calls": [],
        "end": 59,
        "kind": "fn",
        "name": "one",
        "returnType": "i32",
        "start": 20,
        "typeRefs": [],
      },
      "start": 8,
    },
  ],
  "fns": [
    {
      "calls": [],
      "end": 59,
      "kind": "fn",
      "name": "one",
      "returnType": "i32",
      "start": 20,
      "typeRefs": [],
    },
  ],
  "imports": [],
  "name": "my.module",
  "src": "
    // #export
    fn one() -> i32 {
      return 1;
    }
  ",
  "structs": [],
}
`;

exports[`simple fn import 1`] = `
{
  "exports": [],
  "fns": [
    {
      "calls": [
        {
          "call": "foo",
          "end": 38,
          "kind": "call",
          "start": 35,
        },
      ],
      "end": 43,
      "kind": "fn",
      "name": "bar",
      "start": 24,
      "typeRefs": [],
    },
  ],
  "imports": [
    {
      "end": 19,
      "kind": "import",
      "name": "foo",
      "start": 8,
    },
  ],
  "name": "my.module",
  "src": "
    // #import foo
    fn bar() { foo(); }
  ",
  "structs": [],
}
`;
